[  000000] Itializg roupsuyscpus
   0.00] Initiazi cgroupsuyscpu[  0.000] nitiizg cgoup ubs puacc
  0.0000Linux verioo 4.4.012-gneric buldlcy0am4-023)gcversn 4.0 2006 (Ubunt5..0-6ubnt~1.04.) #13-UbtuMP S M 19 :5:4 UTC 2018 (unu 4.4.12153-nec 4.12
[    00000] mmndlineBO_IMAGE=/ot/vliuz4..0-127enic rt=ABL=cldi-roofs ro coole=y1onoltt0
[   00000]ERL suord cpus
[  0.0000  Inl nuinnt
  0.0000] AM AthencA
    0000] Ceau CenauHas
[  000000] 86fp xste_ofse[2]:  76xsate_ze2]: 56
[    0000] 6/u:SupprtinXSVE ftu 0x0 '7 flti pint reisrs
[  00000] x/f: SuorngXSAVfeure 0x: SE regte'
[   00000]86fpu:Supporin XSAVEfeture 04:AVX risrs'[  00000] 6/fp Ebledsttefeatuesx7 conexsie is32ytesusg stanrd frmat
[  0.00000] x86pu: in'laz' U onte sithes.
  0.0000] 20: BIOS-povded hysica RM ap:
[  00000] BI-e20 [m 0000000000000x0000009ff] usae[    00000]IOe820: me0x00000000fc00x00000009fff reseed
[    0000] BI-e20: emx00000000f000-000000000ff] reseve
   0.000 BIOe8: [m 00000000000x000003ffeffffusab
   0.000 BIOS-20[mem 0x0000fff0000-0x000003ffff] CPI ta
  0.0000] OSe820[m 0x000000ec0000x00000fe0ff] resrvd[   .0000]IOe80: [mem x00000ee000-0x000000ee00f]eserd[   0.000000 BOS820: [me 0x0000000ffc000-0000000ffffffreserved
[  .00000] NXExecutDible) pottin:acve
[  000000]SMBIOS 25 prsent
   0.000000] Hypervisor detected: KVM
[    0.000000] e820: last_pfn = 0x3ffff0 m_ah_pf= 400000
[   0.0000]MTRR: saed
  0.0000 x/PATMTs isle, skppg T nitlitin to
   00000 CPU TR a blank - virtuualid stem.[  0.000] 86/P: nfigraon[07]WB  WT U-   WBWTUC U [    00000] fod P MPab at emx0009ff0x009ff] ppedt fff8009ff0
[  0.0000] annin1 eas orowemory rrptio
   0000000RAISK:[mm x3aa600-374aff][   0.0000ACPI: Erltale cckm veificti disable
   0.0000ACI: RP 0000000E00 002 (v02 OX )
  0.000] CP: XS 000003F000 00 (01 VBO  BOXXSD 00001 AL 000061)
[   .0000]ACPI: CPx00000FF00F0 0000F(v4 VBOX VBFACP 0000001SL  0000)
[   .0000]CP DSD 0000000FF70 002F v02 OX VOXBIOS 000002 INT 200528)
  0.0000ACPI: CSx00000FFF020 0000
[  000000]ACI: FCS 000003FFF000004
  0.0000 API: PI0x000000FF240 00 (v02 OX  VBOPI 00000 A  000006
    0000] PISSDTx0000003F00 001C(v1 VB  BOXCT 000000INL 201052)[    0.000 No MAoniguratn ound
[  .00000] kig a odat[memx0000000000-0x00003ffff
[    00000] NE_TA(0alcated emx3ff000x3fff]
[  .00000] kvm-oc: Usg rs 4b54d1 nd4b564d0    0000 kv-cck cpu0,sr0:3f30, rimay u lock[   0.00] kvclk: usin sche oset  4231707cyes
  0.0000] ocsource: kvcloc mk: 0xfffffffffffma_cycs:0xcd424dffb,ma_idle_n: 815591483s[   0.00] Zo rngs:
[   0.0000  MA    me0x000000001000-0x000000ffff]
  0.000] DMA2   [mem 0x0000010000x0000003ffff]
  0.0000] Nomal   mpty
[  0.0000]  Dvie   pt
    0.0000 Mvablzo sta fr ach nde[   .000] Eay moryodranges[   0.0000  node 0 [em 0000000010-x000000009efff
  0.0000  node 0[mem0x00000000100000x0000003ffefff
    0.00] Inmeseup nde [em 00000000000-000000003ffeff]
[  000000] PI PM-imer IPot: 000
[    0000] IOAPIC[0: pic_id, rsion2,ddressxf0000 G 023
[  00000 AI: I_S_OVR (s  bus_iq glbal_ir2 fl d)[   0.000] ACP: T_RC_OR us0 bus_ir 9loal_irq 9ow vel)
  0.000000 Usin APIMADTfoSM conigaton iortion
[   0.0000smoo: Allong2 CPU, hoplugCP
    0.000]PM: egiteed nosave memry [mem0x00000-x00000fff][   0.0000PM: Regierd noave moy: [me0x09f00-000ffff
  0.0000 P: Regiser nosavmeor: [memx00a00-000ff][   .0000]PMReiser nsave mor [em0x0f000-0x00fff]
[    0.000000] e820: [mem 0x40000000-0xfebfffff] available for PCI devicces
[  000000] Btig parairalizd rnl onVM
[   00000] ocourc rfied-jffs:mask: 0fffff macyes: ffffff, axdl_ns:765560211568 ns[   0.00] setu_pecp NR_CP:52 nr_cma_bit:52 nr_cu_ids:2 nr_nod_is:
[  0.0000] ERCP Eedde34agespufff8803f000 s995 r92 d52u10476
[   00000]  qinlo hh table ntes 256 orr:0, 4096 byes
[   0.0000Buil1 neistsn ode order,oblitygrpig on.  Tota pge: 5791
  0.0000Policyon DMA32
  0.0000 Kne comndine:OOIMAGE=bo/vliz-4.0-7-neic rooLAEL=cudmgrootfso nsole=y1onso=tS0
  0.00000] PIDastablenie: 406 rdr:3,3268bytes)
[  .00000 Mmory: 10062/14812 ailble 53 kerelod, 13K wdta,00 rodata,152Kinit, 31K s, 450K rserved 0K cm-rerve
   00000] LUB:HWig=64,rd=0-3, MObcts= Cs=2,od=1
   000000]Keel/Ur ge tabls oltion: abed
[  000000]ierchil U implention.   0.0000]	Bui-te adstmet f le fout to 6
   0.0000	RU stcting CPUsro N_CS=2 to nrcpid=2.[   0.00000]RC: djusngeomeryorrcu_no_laf=6 ncpu_s=
[    00000]R_QS:324r_rqs:0 6
[   0.0000Conslecoour A+0x25[   0.0000] onsol[t1] ebl
[   00000] nse tt0]enbld    0.000000] tsc: Detected 2903.998 MHz processor
[   28.915379] Calibrating delay loop (skipped) preset value.. 5807.99 BogoMIPS (lpj=11615992)
[   29.133871] pid_max: default: 32768 minimum: 301
[   29.256456] ACPI: Core revision 20150930
[   29.371752] ACPI: 2 ACPI AML tabls successfully acquired and loaded
[   29.555714] Security Framework initialized
[   29.671533] Yama: becoming mindful.
[   29.769625] AppArmor: AppArmor initialized
[   29.865151] Dentry cache hash table entries: 131072 (order: 8, 1048576 bytes)
[   30.025496] Inode-cache hash table entries: 65536 (order: 7, 524288 bytes)
[   30.234144] Mount-cache hash table entries: 2048 (order: 2, 16384 bytes)
[   30.438898] Mountpoint-cache hash table entries: 2048 (order: 2, 16384 bytes)
[   30.646513] Initializing cgroup subsys io
[   30.749338] Initializing cgroup subsys memory
[   30.874578] Initializing cgroup subsys devices
[   30.989277] Initializing cgroup subsys freezer
[   31.088972] Initializing cgroup subsys net_cls
[   31.223531] Initializing cgroup subsys perf_event
[   31.346456] Initializing cgroup subsys net_prio
[   31.467507] Initializing cgroup subsys hugetlb
[   31.606859] Initializing cgroup subsys pids
[   31.725706] CPU: Physical Processor ID: 0
[   31.843418] CPU: Processor Core ID: 0
[   31.943276] mce: CPU supports 0 MCE banks
[   32.040841] Last level iTLB entries: 4KB 64, 2MB 8, 4MB 8
[   32.157974] Last level dTLB entries: 4KB 64, 2MB 0, 4MB 0, 1GB 4
[   32.295693] Spectre V2 : Mitigation: Full generic retpoline
[   32.453264] Spectre V2 : Speculation control IBPB not-supported IBRS not-supported
[   32.656204] Spectre V2 : Filling RSB on context switch
[   32.797926] Speculative Store Bypass: Vulnerable
[   32.923936] Freeing SMP alternatives memory: 32K
[   33.014887] ftrace: allocating 32237 entries in 126 pages
[   33.203340] smpboot: APIC(0) Converting physical 0 to logical package 0
[   33.355410] smpboot: Max logical packages: 1
[   33.484070] x2apic enabled
[   33.550647] Switched APIC routing to physical x2apic.
[   33.707009] ..TIMER: vector=0x30 apic1=0 pin1=2 apic2=-1 pin2=-1
[   33.993612] APIC calibration not consistent with PM-Timer: 98ms instead of 100ms
[   34.213130] APIC delta adjusted to PM-Timer: 6249080 (6180698)
[   34.362254] smpboot: CPU0: Intel(R) Core(TM) i7-7820HQ CPU @ 2.90GHz (family: 0x6, model: 0x9e, stepping: 0x9)
[   34.661179] Performance Events: unsupported p6 CPU model 158 no PMU driver, software events only.
[   34.899935] KVM setup paravirtual spinlock
[   35.019386] x86: Booting SMP configuration:
[   35.149226] .... node  #0, CPUs:      #1
[   35.260685] kvm-clock: cpu 1, msr 0:3ffe3041, secondary cpu clock
[   35.405158] mce: CPU supports 0 MCE banks
[   35.425927] x86: Booted up 1 node, 2 CPUs
[   35.482560] smpboot: Total of 2 processors activated (11615.99 BogoMIPS)
[   35.666488] devtmpfs: initialized
[   35.765673] evm: security.selinux
[   35.854886] evm: security.SMACK64
[   35.956817] evm: security.SMACK64EXEC
[   36.051076] evm: security.SMACK64TRANSMUTE
[   36.185420] evm: security.SMACK64MMAP
[   36.290198] evm: security.ima
[   36.380465] evm: security.capability
[   36.487266] clocksource: jiffies: mask: 0xffffffff max_cycles: 0xffffffff, max_idle_ns: 7645041785100000 ns
[   36.670874] futex hash table entries: 512 (order: 3, 32768 bytes)
[   36.825124] pinctrl core: initialized pinctrl subsystem
[   36.978393] RTC time: 16:05:13, date: 05/24/18
[   37.103053] NET: Registered protocol family 16
[   37.240043] cpuidle: using governor ladder
[   37.359563] cpuidle: using governor menu
[   37.462118] PCCT header not found.
[   37.553052] ACPI: bus type PCI registered
[   37.653810] acpiphp: ACPI Hot Plug PCI Controller Driver version: 0.5
[   37.720672] PCI: Using configuration type 1 for base access
[   37.856007] ACPI: Added _OSI(Module Device)
[   37.953875] ACPI: Added _OSI(Processor Device)
[   38.072045] ACPI: Added _OSI(3.0 _SCP Extensions)
[   38.187879] ACPI: Added _OSI(Processor Aggregator Device)
[   38.338260] ACPI: Executed 1 blocks of module-level executable AML code
[   38.500858] ACPI: Interpreter enabled
[   38.608485] ACPI: (supports S0 S5)
[   38.714840] ACPI: Using IOAPIC for interrupt routing
[   38.797394] PCI: Using host bridge windows from ACPI; if necessary, use "pci=nocrs" and report a bug
[   38.975607] ACPI: PCI Root Bridge [PCI0] (domain 0000 [bus 00-ff])
[   39.124394] acpi PNP0A03:00: _OSC: OS supports [ASPM ClockPM Segments MSI]
[   39.317351] acpi PNP0A03:00: _OSC: not requesting OS control; OS requires [ExtendedConfig ASPM ClockPM MSI]
[   39.594167] acpi PNP0A03:00: fail to add MMCONFIG information, can't access extended PCI configuration space under this bridge.
[   39.894330] PCI host bridge to bus 0000:00
[   39.934863] pci_bus 0000:00: root bus resource [io  0x0000-0x0cf7 window]
[   40.050483] pci_bus 0000:00: root bus resource [io  0x0d00-0xffff window]
[   40.211315] pci_bus 0000:00: root bus resource [mem 0x000a0000-0x000bffff window]
[   40.411580] pci_bus 0000:00: root bus resource [mem 0x40000000-0xfdffffff window]
[   40.602312] pci_bus 0000:00: root bus resource [bus 00-ff]
[   40.759877] pci 0000:00:01.1: legacy IDE quirk: reg 0x10: [io  0x01f0-0x01f7]
[   40.967478] pci 0000:00:01.1: legacy IDE quirk: reg 0x14: [io  0x03f6]
[   41.061427] pci 0000:00:01.1: legacy IDE quirk: reg 0x18: [io  0x0170-0x0177]
[   41.154623] pci 0000:00:01.1: legacy IDE quirk: reg 0x1c: [io  0x0376]
[   41.248480] pci 0000:00:07.0: quirk: [io  0x4000-0x403f] claimed by PIIX4 ACPI
[   41.366473] pci 0000:00:07.0: quirk: [io  0x4100-0x410f] claimed by PIIX4 SMB
[   41.553850] ACPI: PCI Interrupt Link [LNKA] (IRQs 5 9 10 *11)
[   41.685848] ACPI: PCI Interrupt Link [LNKB] (IRQs 5 9 *10 11)
[   41.815796] ACPI: PCI Interrupt Link [LNKC] (IRQs 5 *9 10 11)
[   41.955872] ACPI: PCI Interrupt Link [LNKD] (IRQs 5 9 10 *11)
[   42.094783] ACPI: Enabled 2 GPEs in block 00 to 07
[   42.155275] vgaarb: setting as boot device: PCI:0000:00:02.0
[   42.248536] vgaarb: device added: PCI:0000:00:02.0,decodes=io+mem,owns=io+mem,locks=none
[   42.472480] vgaarb: loaded
[   42.549936] vgaarb: bridge control possible 0000:00:02.0
[   42.701377] SCSI subsystem initialized
[   42.807907] ACPI: bus type USB registered
[   42.915543] usbcore: registered new interface driver usbfs
[   43.048772] usbcore: registered new interface driver hub
[   43.173682] usbcore: registered new device driver usb
[   43.276068] PCI: Using ACPI for IRQ routing
[   43.342155] NetLabel: Initializing
[   43.453930] NetLabel:  domain hash size = 128
[   43.582113] NetLabel:  protocols = UNLABELED CIPSOv4
[   43.711237] NetLabel:  unlabeled traffic allowed by default
[   43.858214] amd_nb: Cannot enumerate AMD northbridges
[   43.990136] clocksource: Switched to clocksource kvm-clock
[   44486]ppmo AppAmoFisyemnaed[ 44902]npPnPCPin
  45.07371] p:nPCP fnd dics
[   45.537633] clocksource: acpi_pm: mask: 0xffffff max_cycles: 0xffffff, max_idle_ns: 2085701024 ns
[   45.769501] NET: Registered protocol family 2
[   45.897546] TCP established hash table entries: 8192 (order: 4, 65536 bytes)
[   46.037491] TCP bind hash table entries: 8192 (order: 5, 131072 bytes)
[   46.203884] TCP: Hash tables configured (established 8192 bind 8192)
[   46.374554] UDP hash table entries: 512 (order: 2, 16384 bytes)
[   46.537090] UDP-Lite hash table entries: 512 (order: 2, 16384 bytes)
[   46.596427] NET: Registered protocol family 1
[   46.612202] pci 0000:00:00.0: Limiting direct PCI/PCI transfers
[   46.647146] pci 0000:00:01.0: Activating ISA DMA hang workarounds
[   46.819495] Unpacking initramfs...
[   48353]rengnid moy:090K
[ 48786]laorrt_cmos:egted atrmTCeve o P vi fnd
[ 49949]Scanningfo lw mo cruptonve 6 son
  0.46] c:efedSClosocealraon293.999 Hz
[[   5.124994] closocets mk:xffffffff x_cl: 290548 m_ie_: 07325698 ns

[   511240 aitiniazi nli ssy(dabd)
[   51.125412] audit: type=2000 audit(1527177891.059:1): initialized
[   51.125622] Initialise system trusted keyring
[   51.125695] HugeTLB registerrd 2 MB page size, pre-allocated 0 pages
[   51.126781] zbud: loaded
[   51.127045] VFS: Disk quotas dquot_6.6.0
[   51.127068] VFS: Dquot-cache hash table entries: 512 (order 0, 4096 bytes)
[   51.127251] squashfs: version 4.0 (2009/01/31) Phillip Lougher
[   51.127412] fuse init (API version 7.23)
[   51.127501] Key type big_key registered
[   51.127517] Allocating IMA MOK and blacklist keyrings.
[   51.127682] Key type asymmetric registered
[   51.127687] Asymmetric key parser 'x509' registered
[   51.127711] Block layer SCSI generic (bsg) driver version 0.4 loaded (major 249)
[   51.127725] io scheduler noop registered
[   51.127726] io scheduler deadline registered (default)
[   51.127747] io scheduler cfq registered
[   51.127818] pci_hotplug: PCI Hot Plug PCI Core version: 0.5
[   51.127823] pciehp: PCI Express Hot Plug Controller Driver version: 0.4
[   51.128109] ACPI: AC Adapter [AC] (on-line)
[   51.128151] input: Power Button as /devices/LNXSYSTM:00/LNXPWRBN:00/input/input0
[   51.128153] ACPI: Power Button [PWRF]
[   51.128227] input: Sleep Button as /devices/LNXSYSTM:00/LNXSLPBN:00/input/input1
[   51.128229] ACPI: Sleep Button [SLPF]
[   51.128356] GHES: HEST is not enabled!
[   51.128412] Serial: 8250/16550 driver, 32 ports, IRQ sharing enabled
[   52.188751] 00:02: ttyS0 at I/O 0x3f8 (irq = 4, base_baud = 115200) is a 16550A
[   52.812200] Linux agpgart interface v0.103
[   52.995903] ACPI: Battery Slot [BAT0] (battery present)
[   53.132447] loop: module loaded
[   53.132922] scsi host0: ata_piix
[   53.132965] scsi host1: ata_piix
[   53.132988] ata1: PATA max UDMA/33 cmd 0x1f0 ctl 0x3f6 bmdma 0xd000 irq 14
[   53.132989] ata2: PATA max UDMA/33 cmd 0x170 ctl 0x376 bmdma 0xd008 irq 15
[   53.133044] libphy: Fixed MDIO Bus: probed
[   53.133045] tun: Universal TUN/TAP device driver, 1.6
[   53.133046] tun: (C) 1999-2004 Max Krasnyansky <maxk@qualcomm.com>
[   53.133463] PPP generic driver version 2.4.2
[   53.133521] ehci_hcd: USB 2.0 'Enhanced' Host Controller (EHCI) Driver
[   53.133524] ehci-pci: EHCI PCI platform driver
[   53.133536] ehci-platform: EHCI generic platform driver
[   53.133542] ohci_hcd: USB 1.1 'Open' Host Controller (OHCI) Driver
[   53.133544] ohci-pci: OHCI PCI platform driver
[   53.133550] ohci-platform: OHCI generic platform driver
[   53.133555] uhci_hcd: USB Universal Host Controller Interface driver
[   53.133596] i8042: PNP: PS/2 Controller [PNP0303:PS2K,PNP0f03:PS2M] at 0x60,0x64 irq 1,12
[   53.288072] serio: i8042 KBD port at 0x60,0x64 irq 1
[   53.288109] serio: i8042 AUX port at 0x60,0x64 irq 12
[   53.288275] mousedev: PS/2 mouse device common for all mice
[   53.288686] rtc_cmos rtc_cmos: rtc core: registered rtc_cmos as rtc0
[   53.288733] rtc_cmos rtc_cmos: alarms up to one day, 114 bytes nvram
[   53.288739] i2c /dev entries driver
[   53.288806] device-mapper: uevent: version 1.0.3
[   53.288881] device-mapper: ioctl: 4.34.0-ioctl (2015-10-28) initialised: dm-devel@redhat.com
[   53.288898] ledtrig-cpu: registered to indicate activity on CPUs
[   53.289142] NET: Registered protocol family 10
[   53.289326] NET: Registered protocol family 17
[   53.289338] Key type dns_resolver registered
[   53.289691] registered taskstats version 1
[   53.289707] Loading compiled-in X.509 certificates
[   53.290360] Loaded X.509 cert 'Build time autogenerated kernel key: 9f6f572a3ee0cb468eb8db4aa61815bc74ef6adb'
[   53.290381] zswap: loaded using pool lzo/zbud
[   53.292062] Key type trusted registered
[   53.294389] Key type encrypted registered
[   53.294395] AppArmor: AppArmor sha1 policy hashing enabled
[   53.294399] ima: No TPM chip found, activating TPM-bypass!
[   53.294415] evm: HMAC attrs: 0x1
[   53.294813]   Magic number: 2:9:86
[   53.307949] rtc_cmos rtc_cmos: setting system clock to 2018-05-24 16:05:30 UTC (1527177930)
[   53.308096] BIOS EDD facility v0.16 2004-Jun-25, 0 devices found
[   53.308097] EDD information not available.
[   54.022385] input: AT Translated Set 2 keyboard as /devices/platform/i8042/serio0/input/input2
[   61.582065] Freeing unused kernel memory: 1512K
[   61.688175] Write protecting the kernel read-only data: 14336k
[   61.858913] Freeing unused kernel memory: 1692K
[   61.996790] Freeing unused kernel memory: 96K
Loading, please [   62.131776] random: systemd-udevd: uninitialized urandom read (16 bytes read, 7 bits of entropy available)
wait...
startin[   62.132260] random: udevadm: uninitialized urandom read (16 bytes read, 7 bits of entropy available)
g version 229
[   62.132275] random: udevadm: uninitialized urandom read (16 bytes read, 7 bits of entropy available)
[   62.138031] random: udevadm: uninitialized urandom read (16 bytes read, 7 bits of entropy available)
[   62.138063] random: udevadm: uninitialized urandom read (16 bytes read, 7 bits of entropy available)
[   62.138160] random: udevadm: uninitialized urandom read (16 bytes read, 7 bits of entropy available)
[   62.138196] random: udevadm: uninitialized urandom read (16 bytes read, 7 bits of entropy available)
[   62.138266] random: udevadm: uninitialized urandom read (16 bytes read, 7 bits of entropy available)
[   62.138305] random: udevadm: uninitialized urandom read (16 bytes read, 7 bits of entropy available)
[   62.138338] random: udevadm: uninitialized urandom read (16 bytes read, 7 bits of entropy available)
[   64.127058] e1000: Intel(R) PRO/1000 Network Driver - version 7.3.21-k8-NAPI
[   64.248252] e1000: Copyright (c) 1999-2006 Intel Corporation.
[   64.385582] Fusion MPT base driver 3.04.20
[   64.447287] Copyright (c) 1999-2008 LSI Corporation
[   64.502202] Fusion MPT SPI Host driver 3.04.20
[   64.632609] AVX2 version of gcm_enc/dec engaged.
[   64.727838] AES CTR mode by8 optimization enabled
[   64.815315] input: ImExPS/2 Generic Explorer Mouse as /devices/platform/i8042/serio1/input/input4
[   64.964712] e1000 0000:00:03.0 eth0: (PCI:33MHz:32-bit) 02:8b:bc:1c:8c:d0
[   65.082306] e1000 0000:00:03.0 eth0: Intel(R) PRO/1000 Network Connection
[   65.639063] e1000 0000:00:08.0 eth1: (PCI:33MHz:32-bit) 08:00:27:09:cb:b9
[   65.806421] e1000 0000:00:08.0 eth1: Intel(R) PRO/1000 Network Connection
[   65.965476] e1000 0000:00:08.0 enp0s8: renamed from eth1
[   65.966614] mptbase: ioc0: Initiating bringup
[   66.223018] e1000 0000:00:03.0 enp0s3: renamed from eth0
[   66.417781] ioc0: LSI53C1030 A0: Capabilities={Initiator}
[   66.754817] scsi host2: ioc0: LSI53C1030 A0, FwRev=00000000h, Ports=1, MaxQ=256, IRQ=20
[   67.043347] scsi 2:0:0:0: Direct-Access     VBOX     HARDDISK         1.0  PQ: 0 ANSI: 5
[   68.546809] scsi target2:0:0: Beginning Domain Validation
[   69.732334] scsi target2:0:0: Domain Validation skipping write tests
[   70.897250] scsi target2:0:0: Ending Domain Validation
[   71.027440] scsi target2:0:0: asynchronous
[   71.130960] scsi 2:0:1:0: Direct-Access     VBOX     HARDDISK         1.0  PQ: 0 ANSI: 5
[   71.226648] scsi target2:0:1: Beginning Domain Validation
[   71.932920] scsi target2:0:1: Domain Validation skipping write tests
[   72.028679] scsi target2:0:1: Ending Domain Validation
[   72.070932] scsi target2:0:1: asynchronous
[   72.184964] sd 2:0:0:0: Attached scsi generic sg0 type 0
[   72.258511] sd 2:0:0:0: [sda] 20971520 512-byte logical blocks: (10.7 GB/10.0 GiB)
[   72.284760] sd 2:0:0:0: [sda] Write Protect is off
[   72.299988] sd 2:0:1:0: Attached scsi generic sg1 type 0
[   72.299998] sd 2:0:1:0: [sdb] 20480 512-byte logical blocks: (10.5 MB/10.0 MiB)
[   72.416317] sd 2:0:0:0: [sda] Incomplete mode parameter data
[   72.571774] sd 2:0:0:0: [sda] Assuming drive cache: write through
[   72.575726] sd 2:0:1:0: [sdb] Write Protect is off
[   72.575899] sd 2:0:1:0: [sdb] Incomplete mode parameter data
[   72.575900] sd 2:0:1:0: [sdb] Assuming drive cache: write through
[   72.741177] sd 2:0:1:0: [sdb] Attached SCSI disk
[   73.274420]  sda: sda1
[   73.328574] sd 2:0:0:0: [sda] Attached SCSI disk
Begin: Loading e[   74.678999] md: linear personality registered for level -1
ssential drivers[   74.858679] md: multipath personality registered for level -4
 ... [   75.033121] md: raid0 personality registered for level 0
[   75.183141] md: raid1 personality registered for level 1
[   75.382204] raid6: sse2x1   gen() 11614 MB/s
[   75.590485] raid6: sse2x1   xor()  8480 MB/s
[   75.679836] raid6: sse2x2   gen() 13300 MB/s
[   75.872173]]raid6: sse2x2   xor() 10312 MB/s
[   76.062198] raid6: sse2x4   gen() 16223 MB/s
[   76.239718] raid6: sse2x4   xor() 11252 MB/s
[   76.402320] raid6: avx2x1   gen() 24754 MB/s
[   76.602495] raid6: avx2x2   gen() 27761 MB/s
[   76.772013] raid6: avx2x4   gen() 25920 MB/s
[   76.923940] raid6: using algorithm avx2x2 gen() 27761 MB/s
[   77.030389] raid6: using avx2x2 recovery algorithm
[   77.179662] xor: automatically using best checksumming function:
[   77.394141]    avx       : 20397.000 MB/sec
[   77.508231] async_tx: api initialized (async)
[   77.618281] md: raid6 personality registered for level 6
[   77.787947] md: raid5 personality registered for level 5
[   77.840071] md: raid4 personality registered for level 4
[   77.858105] md: raid10 personality registered for level 10
done.
Begin: Running /scripts/init-p[   77.940340] Btrfs loaded
remount ... done.
Begin: Mounting root file sys[   78.052541] EXT4-fs (sda1): mounted filesystem with ordered data mode. Opts: (null)
tem ... Begin: Running /scripts/local-top ... done.
Begin: Running /scripts/local-premount ... Scanning for Btrfs filesystems
done.
Warning: fsck not present, so skipping root file system
done.
Begin: Running /scripts/local-bottom ... done.
Begin: Running /scripts/init-bottom ... done.
[   78.453277] systemd[1]: systemd 229 running in system mode. (+PAM +AUDIT +SELINUX +IMA +APPARMOR +SMACK +SYSVINIT +UTMP +LIBCRYPTSETUP +GCRYPT +GNUTLS +ACL +XZ -LZ4 +SECCOMP +BLKID +ELFUTILS +KMOD -IDN)
[   78.931483] systemd[1]: Detected virtualization oracle.
[   78.990864] systemd[1]: Detected architecture x86-64.

Welcome to [1mUbuntu 16.04.4 LTS[0m!

[   79.497]ysmd]:etosamto<ubun>.
[   79.682988] systemd[1]: Initializing machine ID from random generator.
[   79.864281] systemd[1]: Installed transient /etc/machine-id file.
[   80.055194] random: nonblocking pool is initialized
[   80.211307] systemd[1]: Created slice User and Session Slice.
[[0;32m  OK  [0m] Created slice User and Session Slice.
[ 80349] ste[1 Ltengn url cket.
[[0;32m  OK  [0m] Listening on Journal Socket.
[   81453]systmd[1]: Reahe tgeSyteTi Schnid.
[[0;32m  OK  [0m] Reached target System Time Synchronized.
[ 81102]ysmd]: Ltengn vice-mappeevt aeonFIs.
[[0;32m  OK  [0m] Listening on Device-mapper event daemon FIFOs.
[  82.46] ysmd]:isni oSylog oct.

[[0;32m  OK  [0m] Listening on Syslog Socket.
[ 83.1191 ste[1 LtenngonVMmetadata dmosoet

[[0;32m  OK  [0m] Listening on LVM2 metadata daemon socket.
[   8.831 systemd[]:taedriger reolonupteoretrkDN.
[[0;32m  OK  [0m] Started Trigger resolvconf update for networkd DNS.
[   846439syem1] S uautoou AbiarExecutleilFomas il Sstm utmontPont

[[0;32m  OK  [0m] Set up automount Arbitrary Executab...ats File System Automount Point.
[  86718syem1]Creaedli Ste Slice

[[0;32m  OK  [0m] Created slice System Slice.
[   86.278714] systemd[1]: Starting Create list of required static device nodes for the current kernel...
         Starting Create list of required st... nodes for the current kernel...
[   86.522264] systemd[1]: Starting Monitoring of LVM2 mirrors, snapshots etc. using dmeventd or progress polling...
         Starting Monitoring of LVM2 mirrors... dmeventd or progress polling...
[   6.18957] systemd[1: eaed sicsyemeral\x2dttsle.
[[0;32m  OK  [0m] Created slice system-serial\x2dgetty.slice.
[ 87350] systemd]:eaedart lis.

[[0;32m  OK  [0m] Reached target Slices.
[   87.946465] systemd[1]: Starting Set console keymap...
         Starting Set console keymap...
[   88.118419] systemd[1]: Mounting Debug File System...
         Mounting Debug File System...
[   88.290792] systemd[1]: Mounting POSIX Message Queue File System...
         Mounting POSIX Message Queue File System...
[   88.530821] systemd[1]: Starting Load Kernel Modules...
         [   88.654739] Loading iSCSI transport class v2.0-870.
Starting Load Kernel Modules...[   88.790511] iscsi: registered transport (tcp)

[   88.840141] systemd[1]: Mounting Huge Pages File System...
         Mounting Huge Pa[   88.940813] iscsi: registered transport (iser)
ges File System...
[  89957 sysmd]: Sard rwd ssrdRees tWa Decryat.
[[0;32m  OK  [0m] Started Forward Password Requests to Wall Directory Watch.
[  90018 system[1]: Racd rg Ur d ouNa Lku.
[[0;32m  OK  [0m] Reached target User and Group Name Lookups.
[ 90824]ysted[: Ltengon L2 llaeonoct.
[[0;32m  OK  [0m] Listening on LVM2 poll daemon socket.
[   91.562454] systemd[1]: Starting Remount Root and Kernel File Systems...
         [   91.738522] EXT4-fs (sda1): re-mounted. Opts: (null)
Starting Remount Root and Kernel File Systems...
[   91.987] std[1]Lieng  uv ConrolSoke
[[0;32m  OK  [0m] Listening on udev Control Socket.
[   92.606325] systemd[1]: Starting Uncomplicated firewall...
         Starting Uncomplicated firewall...
[   92341]systd[: sting  Jrn Auditoct.
[[0;32m  OK  [0m] Listening on Journal Audit Socket.
[   93.546309] systemd[1]: Starting Nameserver information manager...
         Starting Nameserver information manager...
[ 93623]ysemd[1]Rehetaet Sp.
[[0;32m  OK  [0m] Reached target Swap.
[ 94140]ystemd1] Listengn url ck (evog.
[[0;32m  OK  [0m] Listening on Journal Socket (/dev/log).
[ 95467]ysmd1]: Liening on everl ckt. [[0;32m  OK  [0m] Listening on udev Kernel Socket.
[ 964714] system1] Ltengn evnictl Coatily mePi.
[[0;32m  OK  [0m] Listening on /dev/initctl Compatibility Named Pipe.
[   96.906722] systemd[1]: Starting Journal Service...
         Starting Journal Service...
[   97.050535] systemd[1]: Reached target Encrypted Volumes.
[[0;32m  OK  [0m] Reached target Encrypted Volumes.
[   9.46909] yste[1 Mnt He geFi Sstem.
[[0;32m  OK  [0m] Mounted Huge Pages File System.
[  90282 sysem1]MoteDeg leSystem.
[[0;32m  OK  [0m] Mounted Debug File System.
[ 98847]ysmd]:oued PSIX essage Quee leyste
[[0;32m  OK  [0m] Mounted POSIX Message Queue File System.
[   9.39] stmd[1: tartedoualService.
[[0;32m  OK  [0m] Started Journal Service.
[[0;32m  OK  [0m] Started Create list of required sta...ce nodes for the current kernel.
[[0;32m  OK  [0m] Started Set console keymap.
[[0;32m  OK  [0m] Started Load Kernel Modules.
[[0;32m  OK  [0m] Started Remount Root and Kernel File Systems.
[[0;32m  OK  [0m] Started Uncomplicated firewall.
[[0;32m  OK  [0m] Started Nameserver information manager.
[[0;32m  OK  [0m] Started LVM2 metadata daemon.
         Starting udev Coldplug all Devices...
         Starting Load/Save Random Seed...
         Starting Apply Kernel Variables...
         Mounting FUSE Control File System...
         Starting Create Static Device Nodes in /dev...
         Starting Flush Journal to Persistent Storage...
[[0;32m  OK  [0m] Mounted FUSE Control File System.
[[0;32m  OK  [0m] Started Monitoring of LVM2 mirrors,...ng dmeventd or progress polling.
[[0;32m  OK  [0m] Started Load/Save Random Seed.
[[0;32m  OK  [0m] Started Apply Kernel Variables.
[[0;32m  OK  [0m] Started Create Static Device Nodes in /dev.
[[0;32m  OK  [0m] Started udev Coldplug all Devices.
         Starting udev Kernel Device Manager...
[[0;32m  OK  [0m] Started Flush Journal to Persistent Storage.
[[0;32m  OK  [0m] Started udev Kernel Device Manager.
[[0;32m  OK  [0m] Reached target Local File Systems (Pre).
[[0;32m  OK  [0m] Reached target Local File Systems.
         Starting Tell Plymouth To Write Out Runtime Data...
         Starting Set console font and keymap...
         Starting LSB: AppArmor initialization...
         Starting Commit a transient machine-id on disk...
         Starting Initial cloud-init job (pre-networking)...
[[0;32m  OK  [0m] Started Dispatch Password Requests to Console Directory Watch.
         Starting Create Volatile Files and Directories...
[[0;32m  OK  [0m] Started Tell Plymouth To Write Out Runtime Data.
[[0;32m  OK  [0m] Started Set console font and keymap.
[[0;32m  OK  [0m] Started Commit a transient machine-id on disk.
[[0;32m  OK  [0m] Started Create Volatile Files and Directories.
[[0;32m  OK  [0m] Found device /dev/ttyS0.
[[0;32m  OK  [0m] Listening on Load/Save RF Kill Switch Status /dev/rfkill Watch.
         Starting Update UTMP about System Boot/Shutdown...
[[0;32m  OK  [0m] Created slice system-getty.slice.
[[0;32m  OK  [0m] Started Update UTMP about System Boot/Shutdown.
[   59.975858] cloud-init[685]: Cloud-init v. 18.2 running 'init-local' at Thu, 24 May 2018 16:06:20 +0000. Up 59.70 seconds.
[[0;32m  OK  [0m] Started Initial cloud-init job (pre-networking).
[[0;32m  OK  [0m] Started LSB: AppArmor initialization.
[[0;32m  OK  [0m] Reached target Network (Pre).
         Starting Raise network interfaces...
[[0;32m  OK  [0m] Started Raise network interfaces.
[[0;32m  OK  [0m] Reached target Network.
         Starting Initial cloud-init job (metadata service crawler)...
[   61.328392] cloud-init[937]: Cloud-init v. 18.2 running 'init' at Thu, 24 May 2018 16:06:21 +0000. Up 60.88 seconds.
[   61.446085] cloud-init[937]: ci-info: ++++++++++++++++++++++++++++++++++++++Net device info++++++++++++++++++++++++++++++++++++++
[   61.446654] cloud-init[937]: ci-info: +--------+-------+----------------------------+---------------+-------+-------------------+
[[0;32m  OK  [0m] Started Initial cloud-init job (metadata service crawler).
[   61.446872] cloud-init[937]: ci-info: | Device |   Up  |          Address           |      Mask     | Scope |     Hw-Address    |
[   61.945025] cloud-init[937]: ci-info: +--------+-------+----------------------------+---------------+-------+-------------------+
[   61.945742] cloud-init[937]: ci-info: | enp0s3 |  True |         10.0.2.15          | 255.255.255.0 |   .   | 02:8b:bc:1c:8c:d0 |
[   61.946114] cloud-init[937]: ci-info: | enp0s3 |  True | fe80::8b:bcff:fe1c:8cd0/64 |       .       |  link | 02:8b:bc:1c:8c:d0 |
[[0;32m  OK  [0m] Reached target Network is Online.
[   61.946176] cloud-init[937]: ci-info: | enp0s8 | False |             .              |       .       |   .   | 08:00:27:09:cb:b9 |
[   62.620499] cloud-init[937]: ci-info: |   lo   |  True |         127.0.0.1          |   255.0.0.0   |   .   |         .         |
[   62.621082] cloud-init[937]: ci-info: |   lo   |  True |          ::1/128           |       .       |  host |         .         |
         Starting iSCSI initiator daemon (iscsid)...
[   62.621379] cloud-init[937]: ci-info: +--------+-------+----------------------------+---------------+-------+-------------------+
[   62.949708] cloud-init[937]: ci-info: +++++++++++++++++++++++++++Route IPv4 info++++++++++++++++++++++++++++
[[0;32m  OK  [0m[   62.950128] ] cloud-initReached target System Initialization.[937]: 
ci-info: +-------+-------------+----------+---------------+-----------+-------+
[   62.950194] cloud-init[937]: ci-info: | Route | Destination | Gateway  |    Genmask    | Interface | Flags |
[   63.743633] cloud-init[937]: ci-info: +-------+-------------+----------+---------------+-----------+-------+
[[0;32m  OK  [0m] Started ACPI Events Check.
[[   63.744430] cloud-init[937]: ci-info: |   0   |   0.0.0.0   | 10.0.2.2 |    0.0.0.0    |   enp0s3  |   UG  |
[   63.881821] cloud-init[937]: ci-info: |   1   |   10.0.2.0  | 0.0.0.0  | 255.255.255.0 |   enp0s3  |   U   |
[0;32m  OK  [0m] Reached target Paths.
[[   63.882101] cloud-init[937]: ci-info: +-------+-------------+----------+---------------+-----------+-------+
[0;32m  OK  [0m] Listening on D-Bus System Message Bus Socket.
[[   64.197993] cloud-init[937]: Generating public/private rsa key pair.
[   64.391100] cloud-init[937]: Your identification has been saved in /etc/ssh/ssh_host_rsa_key.
[0;32m  OK  [0m] Started Daily Cleanup of Temporary Directories.
[   64.391414] cloud-init[937]: Your public key has been saved in /etc/ssh/ssh_host_rsa_key.pub.
[   64.780870] cloud-init[937]: The key fingerprint is:
[   64.781764] cloud-init[937]: SHA256:8fQMo1JuWpnEz6ied5ear4w1Q1ys+7ZohGJe1soo26s root@ubuntu-xenial
[   64.782051] cloud-init[937]: The key's randomart image is:
         Starting LXD - unix socket.
[[   64.782102] cloud-init[937]: +---[RSA 2048]----+
[   64.937518] cloud-init[937]: |                 |
[0;32m  OK  [0m] Started Daily apt download activities.
[[   64.937691] cloud-init[937]: |       .   .     |
[   65.145683] cloud-init[937]: |        = + o    |
[0;32m  OK  [0m] Started Daily apt upgrade and clean activities.
[[   65.145878] cloud-init[937]: |       + % B     |
[   65.362186] cloud-init[937]: |      . SoB o    |
[0;32m  OK  [0m] Reached target Timers.
[   65.362383] cloud-init[937]: |      o*+.o.     |
[   65.581066] cloud-init[937]: |     oo* o=  .   |
[   65.581778] cloud-init[937]: |    .oo.++o*+    |
         Starting Socket activation for snappy daemon.
[   65.582120] cloud-init[937]: |    E+=o.o**+.   |
[   65.790928] cloud-init[937]: +----[SHA256]-----+
[[0;32m  OK  [0m] Listening on ACPID Listen Socket.
[   65.791223] cloud-init[937]: Generating public/private dsa key pair.
[   66.006749] cloud-init[937]: Your identification has been saved in /etc/ssh/ssh_host_dsa_key.
[   66.007318] cloud-init[937]: Your public key has been saved in /etc/ssh/ssh_host_dsa_key.pub.
[[0;32m  OK  [0m] Listening on UUID daemon activation socket.
[[   66.007642] cloud-init[937]: The key fingerprint is:
[   66.161036] cloud-init[937]: SHA256:cviN3pcFNUUPpnd/Zl57NwrULYb/JGC8UWG8yHoQEj0 root@ubuntu-xenial
[0;32m  OK  [0m] Reached target Cloud-config availability.
[   66.161286] cloud-init[937]: The key's randomart image is:
[   66.360340] cloud-init[937]: +---[DSA 1024]----+
[   66.360958] cloud-init[937]: |       .o   .oooo|
[   66.361246] cloud-init[937]: |       . E  .++..|
[[0;32m  OK  [0m] Listening on LXD - unix socket.
[[   66.361276] cloud-init[937]: |        . + ooo.o|
[   66.500842] cloud-init[937]: |       . ..o=o...|
[0;32m  OK  [0m] Listening on Socket activation for snappy daemon.
[[   66.500987] cloud-init[937]: |      o S oB = .*|
[   66.625310] cloud-init[937]: |       + +o.* o++|
[0;32m  OK  [0m] Started iSCSI initiator daemon (iscsid).
[   66.625455] cloud-init[937]: |        o oo = ++|
[   66.800437] cloud-init[937]: |       . .  + = +|
[   66.800852] cloud-init[937]: |        . .. . . |
         Starting Login to default iSCSI targets...
[[   66.801117] cloud-init[937]: +----[SHA256]-----+
[   66.925771] cloud-init[937]: Generating public/private ecdsa key pair.
[0;32m  OK  [0m] Reached target Sockets.
[   66.925942] cloud-init[937]: Your identification has been saved in /etc/ssh/ssh_host_ecdsa_key.
[   67.076909] cloud-init[937]: Your public key has been saved in /etc/ssh/ssh_host_ecdsa_key.pub.
[[0;32m  OK  [0m] Reached target Basic System.
[   67.077179] cloud-init[937]: The key fingerprint is:
[   67.264616] cloud-init[937]: SHA256:S+X266xJ2rb5oEEYkfA3EpRINXkXuSTftg/jslPd3oI root@ubuntu-xenial
[   67.264979] cloud-init[937]: The key's randomart image is:
         Starting Apply the settings specified in cloud-config...
[   67.265229] cloud-init[937]: +---[ECDSA 256]---+
[   67.448758] cloud-init[937]: |   .o=*+  .o     |
[[0;32m  OK  [0m] Started ACPI event daemon.
[   67.480138] cloud-init[937]: |    ..++o +      |
[   67.556440]          cloud-initStarting System Logging Service...[937]: 
|      +.o=.o     |
[   67.557204] cloud-init[937]: |       = +o o    |
[   67.652468] cloud-init[937]: |      . S o. o . |
[   67.674379] [cloud-init[0;32m  OK  [0m[937]: ] |       o o .= . .|Started FUSE filesystem for LXC.

[   67.675097] cloud-init[937]: |        o oo.= ..|
         Starting LSB: MD monitoring daemon...
[   67.778581] cloud-init[937]: |         *+=E.o o|
[   67.844850]          cloud-initStarting Accounts Service...[937]: 
|        o.BO=  . |
[   67.913238]          cloud-initStarting /etc/rc.local Compatibility...[937]: 
+----[SHA256]-----+
[   68.009105] [cloud-init[0;32m  OK  [0m[937]: ] Generating public/private ed25519 key pair.Started Unattended Upgrades Shutdown.

[   68.009936] cloud-init[937]: Your identification has been saved in /etc/ssh/ssh_host_ed25519_key.
         Starting LSB: Record successful boot for GRUB...
[   68.204366] cloud-init[937]: Your public key has been saved in /etc/ssh/ssh_host_ed25519_key.pub.
         Starting Snappy daemon...
[   68.311303] cloud-init[937]: The key fingerprint is:
[[0;32m  OK  [0m] Started Deferred execution scheduler.
[   68.387598] cloud-init[937]: SHA256:459SlN6RHA96JW6tPg7nDVEQbCSkj5kVoSLjGhCoWYM root@ubuntu-xenial
         Starting Pollinate to seed the pseudo random number generator...
[   68.523192] cloud-init[937]: The key's randomart image is:
[   68.640500] cloud-init[937]: +--[ED25519 256]--+
[   68.641074] cloud-init[937]: |o.       .=++.   |
         Starting Virtualbox guest utils...
[   68.641288] cloud-init[937]: |E.o      o o*..  |
[   68.820480] cloud-init[937]: |oo .o . o .* O.  |
[   68.821729] cloud-init[937]: |o. . o . *+ B.o  |
[   68.822112] cloud-init[937]: |  . .   So.+.o   |
[[0;32m  OK  [0m] Started D-Bus System Message Bus.
[   68.822211] cloud-init[937]: |   o   . .o o.   |
[   69.001216] cloud-init[937]: |  .     ....o    |
[   69.001554] cloud-init[937]: |        .. =oo   |
         Starting Login Service...
[   69.002000] cloud-init[937]: |         .o.o..  |
[   69.136513] cloud-init[937]: +----[SHA256]-----+
         Starting LXD - container startup/shutdown...
[   69.137953] cloud-init[1037]: Generating locales (this might take a while)...
[   69.264807] cloud-init[1037]:   en_US.UTF-8... done
[   69.265301] cloud-init[1037]: Generation complete.
[[0;32m  OK  [0m] Started Regular background program processing daemon.
[   69.265535] cloud-init[1037]: Cloud-init v. 18.2 running 'modules:config' at Thu, 24 May 2018 16:06:27 +0000. Up 67.46 seconds.
[[0;32m  OK  [0m] Started System Logging Service.
[[0;32m  OK  [0m] Started Snappy daemon.
[[0;32m  OK  [0m] Started Apply the settings specified in cloud-config.
[[0;32m  OK  [0m] Started /etc/rc.local Compatibility.
[[0;32m  OK  [0m] Started Pollinate to seed the pseudo random number generator.
[[0;32m  OK  [0m] Started LXD - container startup/shutdown.
[[0;32m  OK  [0m] Started Login to default iSCSI targets.
[[0;32m  OK  [0m] Started LSB: MD monitoring daemon.
[[0;32m  OK  [0m] Started LSB: Record successful boot for GRUB.
[[0;32m  OK  [0m] Started Virtualbox guest utils.
         Starting Authenticate and Authorize Users to Run Privileged Tasks...
[[0;32m  OK  [0m] Reached target Remote File Systems (Pre).
[[0;32m  OK  [0m] Reached target Remote File Systems.
         Starting LSB: automatic crash report generation...
         Starting LSB: daemon to balance interrupts for SMP systems...
         Starting Permit User Sessions...
         Starting LSB: Set the CPU Frequency Scaling governor to "ondemand"...
         Starting OpenBSD Secure Shell server...
[[0;32m  OK  [0m] Started OpenBSD Secure Shell server.
[[0;32m  OK  [0m] Started Permit User Sessions.
[[0;32m  OK  [0m] Started Login Service.
[[0;32m  OK  [0m] Started Authenticate and Authorize Users to Run Privileged Tasks.
[[0;32m  OK  [0m] Started Accounts Service.
[[0;32m  OK  [0m] Created slice User Slice of vagrant.
[[0;32m  OK  [0m] Started Session 1 of user vagrant.
         Starting User Manager for UID 1000...
         Starting Terminate Plymouth Boot Screen...
         Starting Hold until boot process finishes up...
[[0;32m  OK  [0m] Started User Manager for UID 1000.
[[0;32m  OK  [0m] Started LSB: automatic crash report generation.
[[0;32m  OK  [0m] Started LSB: daemon to balance interrupts for SMP systems.
[[0;32m  OK  [0m] Started LSB: Set the CPU Frequency Scaling governor to "ondemand".
[[0;32m  OK  [0m] Started Terminate Plymouth Boot Screen.
[[0;32m  OK  [0m] Started Hold until boot process finishes up.
[[0;32m  OK  [0m] Started Getty on tty1.
[[0;32m  OK  [0m] Started Serial Getty on ttyS0.
[[0;32m  OK  [0m] Reached target Login Prompts.
         Starting Set console scheme...
[[0;32m  OK  [0m] Reached target Multi-User System.
         Starting Execute cloud user/final scripts...
[[0;32m  OK  [0m] Reached target Graphical Interface.
         Starting Update UTMP about System Runlevel Changes...
[[0;32m  OK  [0m] Started Set console scheme.
ci-info: no authorized ssh keys fingerprints found for user ubuntu.
[[0;32m  OK  [0m] Started Update UTMP about System Runlevel Changes.
<14>May 24 16:06:32 ec2: 
<14>May 24 16:06:32 ec2: #############################################################
<14>May 24 16:06:32 ec2: -----BEGIN SSH HOST KEY FINGERPRINTS-----
<14>May 24 16:06:32 ec2: 1024 SHA256:cviN3pcFNUUPpnd/Zl57NwrULYb/JGC8UWG8yHoQEj0 root@ubuntu-xenial (DSA)
<14>May 24 16:06:32 ec2: 256 SHA256:S+X266xJ2rb5oEEYkfA3EpRINXkXuSTftg/jslPd3oI root@ubuntu-xenial (ECDSA)
<14>May 24 16:06:32 ec2: 256 SHA256:459SlN6RHA96JW6tPg7nDVEQbCSkj5kVoSLjGhCoWYM root@ubuntu-xenial (ED25519)
<14>May 24 16:06:32 ec2: 2048 SHA256:8fQMo1JuWpnEz6ied5ear4w1Q1ys+7ZohGJe1soo26s root@ubuntu-xenial (RSA)
<14>May 24 16:06:32 ec2: -----END SSH HOST KEY FINGERPRINTS-----
<14>May 24 16:06:32 ec2: #############################################################
-----BEGIN SSH HOST KEY KEYS-----
ecdsa-sha2-nistp256 AAAAE2VjZHNhLXNoYTItbmlzdHAyNTYAAAAIbmlzdHAyNTYAAABBBJeUz9B9Qu4HyDEBDRa6Otuc9UqHJe66l+gkXEAj+c9c8qkHmI14Ot/YdNYU0AlqVs+pCuQ+sytdLE6enLfc+ho= root@ubuntu-xenial
ssh-ed25519 AAAAC3NzaC1lZDI1NTE5AAAAILJZjdgK+grWk+n9GlpHEH0KPmK0MjwpzaFvBfOFPMBY root@ubuntu-xenial
ssh-rsa AAAAB3NzaC1yc2EAAAADAQABAAABAQDRqgEtNRLrLJsNEVwpf0509uYFpIddI4vxwel5VrfTnhOhDIH5ykjSEmITCZv4iyEZouHauNTpJxXRaANlpK0XbS5HUBYE+vD4Munx/kt9vEM8n8GkVTXTdcmQ+r/UJ9+/sCwthVWoziqMocZcNrPhloz32LHOkuUtAlUkIhu+b/2544zJDdkQM63L5PmnE5QnsZ8Zj7GNszPcPbe/a/GQnx6zybn5mlfPZXk3A+LEvW3GIGe/a9Grgf7hMVejAFL7Lqa3KHcN8booPynYOyNWgAudzhU4So6oc0E6IdJYXQBj9RCIm6ED+XcIn30A26Z4aF1e4LTMTOx+rEW7SA01 root@ubuntu-xenial
-----END SSH HOST KEY KEYS-----
         Stopping User Manager for UID 1000...
[[   73.857793] cloud-init[1290]: Cloud-init v. 18.2 running 'modules:final' at Thu, 24 May 2018 16:06:32 +0000. Up 72.33 seconds.
[   73.907939] cloud-init[1290]: ci-info: no authorized ssh keys fingerprints found for user ubuntu.
[0;32m  OK  [0m] Stopped User Manager for UID 1000.
[   73.908270] cloud-init[1290]: Cloud-init v. 18.2 finished at Thu, 24 May 2018 16:06:34 +0000. Datasource DataSourceNoCloud [seed=/dev/sdb][dsmode=net].  Up 73.85 seconds
[[0;32m  OK  [0m] Started Execute cloud user/final scripts.
[[0;32m  OK  [0m] Removed slice User Slice of vagrant.
[[0;32m  OK  [0m] Reached target Cloud-init target.

Ubuntu 16.04.4 LTS nginx01 ttyS0

nginx01 login: 